// Jest Snapshot v1, https://goo.gl/fbAQLP

exports[`should render ExpenseDashboardPage correctly 1`] = `
<div>
  404: Not Found 
  <Link
    to="/"
  >
    Home
  </Link>
</div>
`;
